*** EVALUATION ***
PROGRAM "SDtxttonokia5110LCD.abs"

*********************************************************************************************
TARGET SECTION
---------------------------------------------------------------------------------------------
Processor   : Freescale HC08
Memory Model: SMALL
File Format : ELF\DWARF 2.0
Linker      : SmartLinker V-5.0.51 Build 14019, Jan 20 2014

*********************************************************************************************
FILE SECTION
---------------------------------------------------------------------------------------------
Fat_c.obj                               Model: SMALL,         Lang: ANSI-C
Nokia5110_c.obj                         Model: SMALL,         Lang: ANSI-C
SD_c.obj                                Model: SMALL,         Lang: ANSI-C
SPI_c.obj                               Model: SMALL,         Lang: ANSI-C
main_c.obj                              Model: SMALL,         Lang: ANSI-C
start08_c.obj                           Model: SMALL,         Lang: ANSI-C
mc9s08jm60_c.obj                        Model: SMALL,         Lang: ANSI-C
rtshc08.o (ansiis.lib)                  Model: SMALL,         Lang: ANSI-C

*********************************************************************************************
STARTUP SECTION
---------------------------------------------------------------------------------------------
Entry point: 0x19DB (_Startup)
_startupData is allocated at 0x19E4 and uses 6 Bytes
extern struct _tagStartup {
  unsigned nofZeroOut     1
  _Range   pZeroOut       0x100     1099
  _Copy    *toCopyDownBeg 0x2B4B
} _startupData;

*********************************************************************************************
SECTION-ALLOCATION SECTION
Section Name                    Size  Type     From       To       Segment
---------------------------------------------------------------------------------------------
.data                             11   R/W      0x100      0x10A   RAM
.init                            132     R     0x1960     0x19E3   ROM
.startData                        18     R     0x19E4     0x19F5   ROM
.rodata                          480     R     0x19F6     0x1BD5   ROM
.text                           3957     R     0x1BD6     0x2B4A   ROM
.copy                             17     R     0x2B4B     0x2B5B   ROM
.abs_section_0                     1   N/I        0x0        0x0   .absSeg0
.abs_section_1                     1   N/I        0x1        0x1   .absSeg1
.abs_section_2                     1   N/I        0x2        0x2   .absSeg2
.abs_section_3                     1   N/I        0x3        0x3   .absSeg3
.abs_section_4                     1   N/I        0x4        0x4   .absSeg4
.abs_section_5                     1   N/I        0x5        0x5   .absSeg5
.abs_section_6                     1   N/I        0x6        0x6   .absSeg6
.abs_section_7                     1   N/I        0x7        0x7   .absSeg7
.abs_section_8                     1   N/I        0x8        0x8   .absSeg8
.abs_section_9                     1   N/I        0x9        0x9   .absSeg9
.abs_section_a                     1   N/I        0xA        0xA   .absSeg10
.abs_section_b                     1   N/I        0xB        0xB   .absSeg11
.abs_section_c                     1   N/I        0xC        0xC   .absSeg12
.abs_section_d                     1   N/I        0xD        0xD   .absSeg13
.abs_section_e                     1   N/I        0xE        0xE   .absSeg14
.abs_section_10                    1   N/I       0x10       0x10   .absSeg15
.abs_section_11                    1   N/I       0x11       0x11   .absSeg16
.abs_section_16                    1   N/I       0x16       0x16   .absSeg17
.abs_section_17                    1   N/I       0x17       0x17   .absSeg18
.abs_section_18                    1   N/I       0x18       0x18   .absSeg19
.abs_section_1b                    1   N/I       0x1B       0x1B   .absSeg20
.abs_section_1c                    1   N/I       0x1C       0x1C   .absSeg21
.abs_section_1d                    1   N/I       0x1D       0x1D   .absSeg22
.abs_section_1e                    1   N/I       0x1E       0x1E   .absSeg23
.abs_section_20                    1   N/I       0x20       0x20   .absSeg24
.abs_section_25                    1   N/I       0x25       0x25   .absSeg25
.abs_section_28                    1   N/I       0x28       0x28   .absSeg26
.abs_section_2b                    1   N/I       0x2B       0x2B   .absSeg27
.abs_section_2e                    1   N/I       0x2E       0x2E   .absSeg28
.abs_section_31                    1   N/I       0x31       0x31   .absSeg29
.abs_section_34                    1   N/I       0x34       0x34   .absSeg30
.abs_section_3a                    1   N/I       0x3A       0x3A   .absSeg31
.abs_section_3b                    1   N/I       0x3B       0x3B   .absSeg32
.abs_section_3c                    1   N/I       0x3C       0x3C   .absSeg33
.abs_section_3d                    1   N/I       0x3D       0x3D   .absSeg34
.abs_section_3e                    1   N/I       0x3E       0x3E   .absSeg35
.abs_section_3f                    1   N/I       0x3F       0x3F   .absSeg36
.abs_section_42                    1   N/I       0x42       0x42   .absSeg37
.abs_section_43                    1   N/I       0x43       0x43   .absSeg38
.abs_section_44                    1   N/I       0x44       0x44   .absSeg39
.abs_section_45                    1   N/I       0x45       0x45   .absSeg40
.abs_section_46                    1   N/I       0x46       0x46   .absSeg41
.abs_section_47                    1   N/I       0x47       0x47   .absSeg42
.abs_section_48                    1   N/I       0x48       0x48   .absSeg43
.abs_section_49                    1   N/I       0x49       0x49   .absSeg44
.abs_section_4a                    1   N/I       0x4A       0x4A   .absSeg45
.abs_section_4b                    1   N/I       0x4B       0x4B   .absSeg46
.abs_section_4c                    1   N/I       0x4C       0x4C   .absSeg47
.abs_section_50                    1   N/I       0x50       0x50   .absSeg48
.abs_section_51                    1   N/I       0x51       0x51   .absSeg49
.abs_section_52                    1   N/I       0x52       0x52   .absSeg50
.abs_section_53                    1   N/I       0x53       0x53   .absSeg51
.abs_section_58                    1   N/I       0x58       0x58   .absSeg52
.abs_section_59                    1   N/I       0x59       0x59   .absSeg53
.abs_section_5a                    1   N/I       0x5A       0x5A   .absSeg54
.abs_section_5b                    1   N/I       0x5B       0x5B   .absSeg55
.abs_section_5c                    1   N/I       0x5C       0x5C   .absSeg56
.abs_section_5d                    1   N/I       0x5D       0x5D   .absSeg57
.abs_section_60                    1   N/I       0x60       0x60   .absSeg58
.abs_section_65                    1   N/I       0x65       0x65   .absSeg59
.abs_section_68                    1   N/I       0x68       0x68   .absSeg60
.abs_section_6c                    1   N/I       0x6C       0x6C   .absSeg61
.abs_section_6d                    1   N/I       0x6D       0x6D   .absSeg62
.abs_section_6e                    1   N/I       0x6E       0x6E   .absSeg63
.abs_section_70                    1   N/I       0x70       0x70   .absSeg64
.abs_section_71                    1   N/I       0x71       0x71   .absSeg65
.abs_section_72                    1   N/I       0x72       0x72   .absSeg66
.abs_section_73                    1   N/I       0x73       0x73   .absSeg67
.abs_section_80                    1   N/I       0x80       0x80   .absSeg68
.abs_section_88                    1   N/I       0x88       0x88   .absSeg69
.abs_section_89                    1   N/I       0x89       0x89   .absSeg70
.abs_section_8a                    1   N/I       0x8A       0x8A   .absSeg71
.abs_section_90                    1   N/I       0x90       0x90   .absSeg72
.abs_section_91                    1   N/I       0x91       0x91   .absSeg73
.abs_section_92                    1   N/I       0x92       0x92   .absSeg74
.abs_section_93                    1   N/I       0x93       0x93   .absSeg75
.abs_section_94                    1   N/I       0x94       0x94   .absSeg76
.abs_section_95                    1   N/I       0x95       0x95   .absSeg77
.abs_section_96                    1   N/I       0x96       0x96   .absSeg78
.abs_section_97                    1   N/I       0x97       0x97   .absSeg79
.abs_section_98                    1   N/I       0x98       0x98   .absSeg80
.abs_section_9d                    1   N/I       0x9D       0x9D   .absSeg81
.abs_section_9e                    1   N/I       0x9E       0x9E   .absSeg82
.abs_section_9f                    1   N/I       0x9F       0x9F   .absSeg83
.abs_section_a0                    1   N/I       0xA0       0xA0   .absSeg84
.abs_section_a1                    1   N/I       0xA1       0xA1   .absSeg85
.abs_section_a2                    1   N/I       0xA2       0xA2   .absSeg86
.abs_section_a3                    1   N/I       0xA3       0xA3   .absSeg87
.abs_section_1800                  1   N/I     0x1800     0x1800   .absSeg88
.abs_section_1801                  1   N/I     0x1801     0x1801   .absSeg89
.abs_section_1802                  1   N/I     0x1802     0x1802   .absSeg90
.abs_section_1803                  1   N/I     0x1803     0x1803   .absSeg91
.abs_section_1809                  1   N/I     0x1809     0x1809   .absSeg92
.abs_section_180a                  1   N/I     0x180A     0x180A   .absSeg93
.abs_section_1816                  1   N/I     0x1816     0x1816   .absSeg94
.abs_section_1817                  1   N/I     0x1817     0x1817   .absSeg95
.abs_section_1818                  1   N/I     0x1818     0x1818   .absSeg96
.abs_section_1820                  1   N/I     0x1820     0x1820   .absSeg97
.abs_section_1821                  1   N/I     0x1821     0x1821   .absSeg98
.abs_section_1823                  1   N/I     0x1823     0x1823   .absSeg99
.abs_section_1824                  1   N/I     0x1824     0x1824   .absSeg100
.abs_section_1825                  1   N/I     0x1825     0x1825   .absSeg101
.abs_section_1826                  1   N/I     0x1826     0x1826   .absSeg102
.abs_section_1840                  1   N/I     0x1840     0x1840   .absSeg103
.abs_section_1841                  1   N/I     0x1841     0x1841   .absSeg104
.abs_section_1842                  1   N/I     0x1842     0x1842   .absSeg105
.abs_section_1844                  1   N/I     0x1844     0x1844   .absSeg106
.abs_section_1845                  1   N/I     0x1845     0x1845   .absSeg107
.abs_section_1846                  1   N/I     0x1846     0x1846   .absSeg108
.abs_section_1848                  1   N/I     0x1848     0x1848   .absSeg109
.abs_section_1849                  1   N/I     0x1849     0x1849   .absSeg110
.abs_section_184a                  1   N/I     0x184A     0x184A   .absSeg111
.abs_section_184c                  1   N/I     0x184C     0x184C   .absSeg112
.abs_section_184d                  1   N/I     0x184D     0x184D   .absSeg113
.abs_section_184e                  1   N/I     0x184E     0x184E   .absSeg114
.abs_section_1850                  1   N/I     0x1850     0x1850   .absSeg115
.abs_section_1851                  1   N/I     0x1851     0x1851   .absSeg116
.abs_section_1852                  1   N/I     0x1852     0x1852   .absSeg117
.abs_section_1854                  1   N/I     0x1854     0x1854   .absSeg118
.abs_section_1855                  1   N/I     0x1855     0x1855   .absSeg119
.abs_section_1856                  1   N/I     0x1856     0x1856   .absSeg120
.abs_section_1858                  1   N/I     0x1858     0x1858   .absSeg121
.abs_section_1859                  1   N/I     0x1859     0x1859   .absSeg122
.abs_section_185a                  1   N/I     0x185A     0x185A   .absSeg123
.abs_section_12                    2   N/I       0x12       0x13   .absSeg124
.abs_section_14                    2   N/I       0x14       0x15   .absSeg125
.abs_section_21                    2   N/I       0x21       0x22   .absSeg126
.abs_section_23                    2   N/I       0x23       0x24   .absSeg127
.abs_section_26                    2   N/I       0x26       0x27   .absSeg128
.abs_section_29                    2   N/I       0x29       0x2A   .absSeg129
.abs_section_2c                    2   N/I       0x2C       0x2D   .absSeg130
.abs_section_2f                    2   N/I       0x2F       0x30   .absSeg131
.abs_section_32                    2   N/I       0x32       0x33   .absSeg132
.abs_section_35                    2   N/I       0x35       0x36   .absSeg133
.abs_section_38                    2   N/I       0x38       0x39   .absSeg134
.abs_section_40                    2   N/I       0x40       0x41   .absSeg135
.abs_section_54                    2   N/I       0x54       0x55   .absSeg136
.abs_section_56                    2   N/I       0x56       0x57   .absSeg137
.abs_section_61                    2   N/I       0x61       0x62   .absSeg138
.abs_section_63                    2   N/I       0x63       0x64   .absSeg139
.abs_section_66                    2   N/I       0x66       0x67   .absSeg140
.abs_section_69                    2   N/I       0x69       0x6A   .absSeg141
.abs_section_74                    2   N/I       0x74       0x75   .absSeg142
.abs_section_76                    2   N/I       0x76       0x77   .absSeg143
.abs_section_1806                  2   N/I     0x1806     0x1807   .absSeg144
.abs_section_1810                  2   N/I     0x1810     0x1811   .absSeg145
.abs_section_1812                  2   N/I     0x1812     0x1813   .absSeg146
.abs_section_1814                  2   N/I     0x1814     0x1815   .absSeg147
.bss                               9   R/W      0x10B      0x113   RAM
.common                         1079   R/W      0x114      0x54A   RAM
.stack                           128   R/W      0x54B      0x5CA   RAM
.vectSeg148_vect                   2     R     0xFFFE     0xFFFF   .vectSeg148

Summary of section sizes per section type:
READ_ONLY (R):        11FE (dec:     4606)
READ_WRITE (R/W):      4CB (dec:     1227)
NO_INIT (N/I):          AC (dec:      172)

*********************************************************************************************
VECTOR-ALLOCATION SECTION
    Address     InitValue   InitFunction
---------------------------------------------------------------------------------------------
     0xFFFE        0x19DB   _Startup

*********************************************************************************************
OBJECT-ALLOCATION SECTION
     Name               Module                 Addr   hSize   dSize     Ref    Section   RLIB
---------------------------------------------------------------------------------------------
MODULE:                 -- Fat_c.obj --
- PROCEDURES:
     LWordSwap                                 1BD6      7E     126       3   .text       
     FAT_Read_Master_Block                     1C54     12F     303       2   .text       
     FAT_SearchAvailableFAT                    1D83      AC     172       2   .text       
     FAT_Entry                                 1E2F     101     257       2   .text       
     FAT_FileRead                              1F30      BD     189       2   .text       
     FAT_FileNameOrganizer                     1FED      43      67       1   .text       
     FAT_FileOpen                              2030     587    1415      54   .text       
- VARIABLES:
     u16Main_Offset                             10B       2       2       7   .bss        
     u16FAT_Root_BASE                           10D       2       2       5   .bss        
     WHandler                                   114      19      25      31   .common     
     RHandler                                   12D       A      10      19   .common     
     ag8FATReadBuffer                           137     200     512      23   .common     
     u16FAT_Sector_Size                         337       2       2      15   .common     
     u16FAT_Cluster_Size                        339       2       2       5   .common     
     u16FAT_FAT_BASE                            33B       2       2      13   .common     
     u16FAT_Data_BASE                           33D       2       2       5   .common     
MODULE:                 -- Nokia5110_c.obj --
- PROCEDURES:
     Nokia5110_Init                            25B7      2B      43       1   .text       
     Nokia_reset                               25E2       C      12       1   .text       
     LCDWait                                   25EE      16      22       7   .text       
     Send_command                              2604      1C      28       8   .text       
     Send_data                                 2620      70     112       1   .text       
     gotoXY                                    2690      21      33       1   .text       
- VARIABLES:
     ASCII                                     19F6     1E0     480       1   .rodata     
     rowdata                                    33F       1       1       1   .common     
     datadec                                    340       1       1       2   .common     
     datadec1                                   341       1       1       2   .common     
     datadec2                                   342       1       1       1   .common     
     i                                          343       2       2       5   .common     
     cursor_x                                   345       1       1       3   .common     
     cursor_y                                   346       1       1       2   .common     
MODULE:                 -- SD_c.obj --
- PROCEDURES:
     SD_Init8MHz                               26B1      70     112       1   .text       
     SD_Write_Block                            2721      85     133       3   .text       
     SD_Read_Block                             27A6      61      97       7   .text       
     SD_SendCommand                            2807      3D      61       5   .text       
     SD_CLKDelay                               2844       F      15       2   .text       
- VARIABLES:
     gu8SD_Argument                             347       4       4      11   .common     
MODULE:                 -- SPI_c.obj --
- PROCEDURES:
     SPI1_Init8MHz                             2853      13      19       1   .text       
     SPI1_Send_byte                            2866       C      12      10   .text       
     SPI1_Receive_byte                         2872       B      11      10   .text       
     SPI2_Init8MHz                             287D      11      17       1   .text       
     SPI2_Send_byte                            288E       C      12       2   .text       
     SPI1_High_rate                            289A       9       9       1   .text       
- VARIABLES:
MODULE:                 -- main_c.obj --
- PROCEDURES:
     main                                      28A3      61      97       1   .text       
- VARIABLES:
     fileName                                   100       B      11       1   .data       
     s                                          10F       2       2       2   .bss        
     j                                          111       2       2       4   .bss        
     error.1                                    113       1       1       2   .bss        
     Buffer                                     34B     200     512       2   .common     
MODULE:                 -- start08_c.obj --
- PROCEDURES:
     loadByte                                  1960       E      14       5   .init       
     Init                                      196E      6D     109       1   .init       
     _Startup                                  19DB       9       9       0   .init       
- VARIABLES:
     _startupData                              19E4       6       6       4   .startData  
- LABELS:
     __SEG_END_SSTACK                           5CB       0       0       1               
MODULE:                 -- mc9s08jm60_c.obj --
- PROCEDURES:
- VARIABLES:
     _PTAD                                        0       1       1       1   .abs_section_0
     _PTADD                                       1       1       1       1   .abs_section_1
     _PTBD                                        2       1       1      13   .abs_section_2
     _PTBDD                                       3       1       1       9   .abs_section_3
     _PTCD                                        4       1       1       0   .abs_section_4
     _PTCDD                                       5       1       1       0   .abs_section_5
     _PTDD                                        6       1       1       0   .abs_section_6
     _PTDDD                                       7       1       1       0   .abs_section_7
     _PTED                                        8       1       1      18   .abs_section_8
     _PTEDD                                       9       1       1       1   .abs_section_9
     _PTFD                                        A       1       1       0   .abs_section_a
     _PTFDD                                       B       1       1       1   .abs_section_b
     _PTGD                                        C       1       1       0   .abs_section_c
     _PTGDD                                       D       1       1       0   .abs_section_d
     _ACMPSC                                      E       1       1       0   .abs_section_e
     _ADCSC1                                     10       1       1       0   .abs_section_10
     _ADCSC2                                     11       1       1       0   .abs_section_11
     _ADCCFG                                     16       1       1       0   .abs_section_16
     _APCTL1                                     17       1       1       0   .abs_section_17
     _APCTL2                                     18       1       1       0   .abs_section_18
     _IRQSC                                      1B       1       1       0   .abs_section_1b
     _KBISC                                      1C       1       1       0   .abs_section_1c
     _KBIPE                                      1D       1       1       0   .abs_section_1d
     _KBIES                                      1E       1       1       0   .abs_section_1e
     _TPM1SC                                     20       1       1       0   .abs_section_20
     _TPM1C0SC                                   25       1       1       0   .abs_section_25
     _TPM1C1SC                                   28       1       1       0   .abs_section_28
     _TPM1C2SC                                   2B       1       1       0   .abs_section_2b
     _TPM1C3SC                                   2E       1       1       0   .abs_section_2e
     _TPM1C4SC                                   31       1       1       0   .abs_section_31
     _TPM1C5SC                                   34       1       1       0   .abs_section_34
     _SCI1C1                                     3A       1       1       0   .abs_section_3a
     _SCI1C2                                     3B       1       1       0   .abs_section_3b
     _SCI1S1                                     3C       1       1       0   .abs_section_3c
     _SCI1S2                                     3D       1       1       0   .abs_section_3d
     _SCI1C3                                     3E       1       1       0   .abs_section_3e
     _SCI1D                                      3F       1       1       0   .abs_section_3f
     _SCI2C1                                     42       1       1       0   .abs_section_42
     _SCI2C2                                     43       1       1       0   .abs_section_43
     _SCI2S1                                     44       1       1       0   .abs_section_44
     _SCI2S2                                     45       1       1       0   .abs_section_45
     _SCI2C3                                     46       1       1       0   .abs_section_46
     _SCI2D                                      47       1       1       0   .abs_section_47
     _MCGC1                                      48       1       1       0   .abs_section_48
     _MCGC2                                      49       1       1       0   .abs_section_49
     _MCGTRM                                     4A       1       1       0   .abs_section_4a
     _MCGSC                                      4B       1       1       0   .abs_section_4b
     _MCGC3                                      4C       1       1       0   .abs_section_4c
     _SPI1C1                                     50       1       1       3   .abs_section_50
     _SPI1C2                                     51       1       1       1   .abs_section_51
     _SPI1BR                                     52       1       1       2   .abs_section_52
     _SPI1S                                      53       1       1       3   .abs_section_53
     _IICA                                       58       1       1       0   .abs_section_58
     _IICF                                       59       1       1       0   .abs_section_59
     _IICC1                                      5A       1       1       0   .abs_section_5a
     _IICS                                       5B       1       1       0   .abs_section_5b
     _IICD                                       5C       1       1       0   .abs_section_5c
     _IICC2                                      5D       1       1       0   .abs_section_5d
     _TPM2SC                                     60       1       1       0   .abs_section_60
     _TPM2C0SC                                   65       1       1       0   .abs_section_65
     _TPM2C1SC                                   68       1       1       0   .abs_section_68
     _RTCSC                                      6C       1       1       0   .abs_section_6c
     _RTCCNT                                     6D       1       1       0   .abs_section_6d
     _RTCMOD                                     6E       1       1       0   .abs_section_6e
     _SPI2C1                                     70       1       1       1   .abs_section_70
     _SPI2C2                                     71       1       1       1   .abs_section_71
     _SPI2BR                                     72       1       1       1   .abs_section_72
     _SPI2S                                      73       1       1       2   .abs_section_73
     _USBCTL0                                    80       1       1       0   .abs_section_80
     _PERID                                      88       1       1       0   .abs_section_88
     _IDCOMP                                     89       1       1       0   .abs_section_89
     _REV                                        8A       1       1       0   .abs_section_8a
     _INTSTAT                                    90       1       1       0   .abs_section_90
     _INTENB                                     91       1       1       0   .abs_section_91
     _ERRSTAT                                    92       1       1       0   .abs_section_92
     _ERRENB                                     93       1       1       0   .abs_section_93
     _STAT                                       94       1       1       0   .abs_section_94
     _CTL                                        95       1       1       0   .abs_section_95
     _ADDR                                       96       1       1       0   .abs_section_96
     _FRMNUML                                    97       1       1       0   .abs_section_97
     _FRMNUMH                                    98       1       1       0   .abs_section_98
     _EPCTL0                                     9D       1       1       0   .abs_section_9d
     _EPCTL1                                     9E       1       1       0   .abs_section_9e
     _EPCTL2                                     9F       1       1       0   .abs_section_9f
     _EPCTL3                                     A0       1       1       0   .abs_section_a0
     _EPCTL4                                     A1       1       1       0   .abs_section_a1
     _EPCTL5                                     A2       1       1       0   .abs_section_a2
     _EPCTL6                                     A3       1       1       0   .abs_section_a3
     _SRS                                      1800       1       1       0   .abs_section_1800
     _SBDFR                                    1801       1       1       0   .abs_section_1801
     _SOPT1                                    1802       1       1       1   .abs_section_1802
     _SOPT2                                    1803       1       1       0   .abs_section_1803
     _SPMSC1                                   1809       1       1       0   .abs_section_1809
     _SPMSC2                                   180A       1       1       0   .abs_section_180a
     _DBGC                                     1816       1       1       0   .abs_section_1816
     _DBGT                                     1817       1       1       0   .abs_section_1817
     _DBGS                                     1818       1       1       0   .abs_section_1818
     _FCDIV                                    1820       1       1       0   .abs_section_1820
     _FOPT                                     1821       1       1       0   .abs_section_1821
     _FCNFG                                    1823       1       1       0   .abs_section_1823
     _FPROT                                    1824       1       1       0   .abs_section_1824
     _FSTAT                                    1825       1       1       0   .abs_section_1825
     _FCMD                                     1826       1       1       0   .abs_section_1826
     _PTAPE                                    1840       1       1       0   .abs_section_1840
     _PTASE                                    1841       1       1       0   .abs_section_1841
     _PTADS                                    1842       1       1       0   .abs_section_1842
     _PTBPE                                    1844       1       1       0   .abs_section_1844
     _PTBSE                                    1845       1       1       0   .abs_section_1845
     _PTBDS                                    1846       1       1       0   .abs_section_1846
     _PTCPE                                    1848       1       1       0   .abs_section_1848
     _PTCSE                                    1849       1       1       0   .abs_section_1849
     _PTCDS                                    184A       1       1       0   .abs_section_184a
     _PTDPE                                    184C       1       1       0   .abs_section_184c
     _PTDSE                                    184D       1       1       0   .abs_section_184d
     _PTDDS                                    184E       1       1       0   .abs_section_184e
     _PTEPE                                    1850       1       1       0   .abs_section_1850
     _PTESE                                    1851       1       1       0   .abs_section_1851
     _PTEDS                                    1852       1       1       0   .abs_section_1852
     _PTFPE                                    1854       1       1       1   .abs_section_1854
     _PTFSE                                    1855       1       1       0   .abs_section_1855
     _PTFDS                                    1856       1       1       0   .abs_section_1856
     _PTGPE                                    1858       1       1       0   .abs_section_1858
     _PTGSE                                    1859       1       1       0   .abs_section_1859
     _PTGDS                                    185A       1       1       0   .abs_section_185a
     _ADCR                                       12       2       2       0   .abs_section_12
     _ADCCV                                      14       2       2       0   .abs_section_14
     _TPM1CNT                                    21       2       2       0   .abs_section_21
     _TPM1MOD                                    23       2       2       0   .abs_section_23
     _TPM1C0V                                    26       2       2       0   .abs_section_26
     _TPM1C1V                                    29       2       2       0   .abs_section_29
     _TPM1C2V                                    2C       2       2       0   .abs_section_2c
     _TPM1C3V                                    2F       2       2       0   .abs_section_2f
     _TPM1C4V                                    32       2       2       0   .abs_section_32
     _TPM1C5V                                    35       2       2       0   .abs_section_35
     _SCI1BD                                     38       2       2       0   .abs_section_38
     _SCI2BD                                     40       2       2       0   .abs_section_40
     _SPI1D16                                    54       2       2       4   .abs_section_54
     _SPI1M                                      56       2       2       1   .abs_section_56
     _TPM2CNT                                    61       2       2       0   .abs_section_61
     _TPM2MOD                                    63       2       2       0   .abs_section_63
     _TPM2C0V                                    66       2       2       0   .abs_section_66
     _TPM2C1V                                    69       2       2       0   .abs_section_69
     _SPI2D16                                    74       2       2       1   .abs_section_74
     _SPI2M                                      76       2       2       1   .abs_section_76
     _SDID                                     1806       2       2       0   .abs_section_1806
     _DBGCA                                    1810       2       2       0   .abs_section_1810
     _DBGCB                                    1812       2       2       0   .abs_section_1812
     _DBGF                                     1814       2       2       0   .abs_section_1814
MODULE:                 -- rtshc08.o (ansiis.lib) --
- PROCEDURES:
     _PUSH_ARGS_L                              2904      20      32       2   .text       
     _ENTER_UNARY_L                            2924      29      41       2   .text       
     _ENTER_BINARY_L                           294D      16      22       3   .text       
     _ENTER_BINARY_L_RC                        2963      19      25       1   .text       
     _IDIVMOD                                  297C      69     105       2   .text       
     _LADD_k_is_k_plus_j                       29E5      1F      31       1   .text       
     _LSUB_k_is_k_minus_j                      2A04      1F      31       1   .text       
     _LAND_k_is_k_and_j                        2A23      1F      31       1   .text       
     _LCMP_k_rel_j                             2A42      1F      31       1   .text       
     _IMUL_STAR08                              2A61      27      39       1   .text       
     _IDIVU_STAR08                             2A88       D      13       5   .text       
     _IMODU_STAR08                             2A95      10      16       4   .text       
     _ILSR                                     2AA5       C      12       1   .text       
     _ILSL                                     2AB1       C      12       1   .text       
     _LADD                                     2ABD       6       6       7   .text       
     _LSUB                                     2AC3       6       6       1   .text       
     _LAND_RC                                  2AC9       6       6       2   .text       
     _LLSR                                     2ACF      16      22       2   .text       
     _LLSL                                     2AE5      16      22       4   .text       
     _LCMP                                     2AFB       6       6       1   .text       
     _COPY                                     2B01      30      48       1   .text       
     _POP32                                    2B31      1A      26       7   .text       
- VARIABLES:

*********************************************************************************************
MODULE STATISTIC
  Name                                      Data   Code  Const
---------------------------------------------------------------------------------------------
  Fat_c.obj                                  559   2529      0
  Nokia5110_c.obj                              8    250    480
  SD_c.obj                                     4    418      0
  SPI_c.obj                                    0     80      0
  main_c.obj                                 528     97      0
  start08_c.obj                                0    132      0
  mc9s08jm60_c.obj                           172      0      0
  rtshc08.o (ansiis.lib)                       0    583      0
  other                                      128     20     17

*********************************************************************************************
SECTION USE IN OBJECT-ALLOCATION SECTION
---------------------------------------------------------------------------------------------
SECTION: ".text"
  LWordSwap FAT_Read_Master_Block FAT_SearchAvailableFAT FAT_Entry 
  FAT_FileRead FAT_FileNameOrganizer FAT_FileOpen Nokia5110_Init Nokia_reset 
  LCDWait Send_command Send_data gotoXY SD_Init8MHz SD_Write_Block 
  SD_Read_Block SD_SendCommand SD_CLKDelay SPI1_Init8MHz SPI1_Send_byte 
  SPI1_Receive_byte SPI2_Init8MHz SPI2_Send_byte SPI1_High_rate main 
  _PUSH_ARGS_L _ENTER_UNARY_L _ENTER_BINARY_L _ENTER_BINARY_L_RC _IDIVMOD 
  _LADD_k_is_k_plus_j _LSUB_k_is_k_minus_j _LAND_k_is_k_and_j _LCMP_k_rel_j 
  _IMUL_STAR08 _IDIVU_STAR08 _IMODU_STAR08 _ILSR _ILSL _LADD _LSUB _LAND_RC 
  _LLSR _LLSL _LCMP _COPY _POP32 
SECTION: ".data"
  fileName 
SECTION: ".bss"
  u16Main_Offset u16FAT_Root_BASE s j error.1 
SECTION: ".init"
  loadByte Init _Startup 
SECTION: ".rodata"
  ASCII 
SECTION: ".common"
  WHandler RHandler ag8FATReadBuffer u16FAT_Sector_Size u16FAT_Cluster_Size 
  u16FAT_FAT_BASE u16FAT_Data_BASE rowdata datadec datadec1 datadec2 i cursor_x 
  cursor_y gu8SD_Argument Buffer 
SECTION: ".abs_section_0"
  _PTAD 
SECTION: ".abs_section_1"
  _PTADD 
SECTION: ".abs_section_2"
  _PTBD 
SECTION: ".abs_section_3"
  _PTBDD 
SECTION: ".abs_section_4"
  _PTCD 
SECTION: ".abs_section_5"
  _PTCDD 
SECTION: ".abs_section_6"
  _PTDD 
SECTION: ".abs_section_7"
  _PTDDD 
SECTION: ".abs_section_8"
  _PTED 
SECTION: ".abs_section_9"
  _PTEDD 
SECTION: ".abs_section_a"
  _PTFD 
SECTION: ".abs_section_b"
  _PTFDD 
SECTION: ".abs_section_c"
  _PTGD 
SECTION: ".abs_section_d"
  _PTGDD 
SECTION: ".abs_section_e"
  _ACMPSC 
SECTION: ".abs_section_10"
  _ADCSC1 
SECTION: ".abs_section_11"
  _ADCSC2 
SECTION: ".abs_section_16"
  _ADCCFG 
SECTION: ".abs_section_17"
  _APCTL1 
SECTION: ".abs_section_18"
  _APCTL2 
SECTION: ".abs_section_1b"
  _IRQSC 
SECTION: ".abs_section_1c"
  _KBISC 
SECTION: ".abs_section_1d"
  _KBIPE 
SECTION: ".abs_section_1e"
  _KBIES 
SECTION: ".abs_section_20"
  _TPM1SC 
SECTION: ".abs_section_25"
  _TPM1C0SC 
SECTION: ".abs_section_28"
  _TPM1C1SC 
SECTION: ".abs_section_2b"
  _TPM1C2SC 
SECTION: ".abs_section_2e"
  _TPM1C3SC 
SECTION: ".abs_section_31"
  _TPM1C4SC 
SECTION: ".abs_section_34"
  _TPM1C5SC 
SECTION: ".abs_section_3a"
  _SCI1C1 
SECTION: ".abs_section_3b"
  _SCI1C2 
SECTION: ".abs_section_3c"
  _SCI1S1 
SECTION: ".abs_section_3d"
  _SCI1S2 
SECTION: ".abs_section_3e"
  _SCI1C3 
SECTION: ".abs_section_3f"
  _SCI1D 
SECTION: ".abs_section_42"
  _SCI2C1 
SECTION: ".abs_section_43"
  _SCI2C2 
SECTION: ".abs_section_44"
  _SCI2S1 
SECTION: ".abs_section_45"
  _SCI2S2 
SECTION: ".abs_section_46"
  _SCI2C3 
SECTION: ".abs_section_47"
  _SCI2D 
SECTION: ".abs_section_48"
  _MCGC1 
SECTION: ".abs_section_49"
  _MCGC2 
SECTION: ".abs_section_4a"
  _MCGTRM 
SECTION: ".abs_section_4b"
  _MCGSC 
SECTION: ".abs_section_4c"
  _MCGC3 
SECTION: ".abs_section_50"
  _SPI1C1 
SECTION: ".abs_section_51"
  _SPI1C2 
SECTION: ".abs_section_52"
  _SPI1BR 
SECTION: ".abs_section_53"
  _SPI1S 
SECTION: ".abs_section_58"
  _IICA 
SECTION: ".abs_section_59"
  _IICF 
SECTION: ".abs_section_5a"
  _IICC1 
SECTION: ".abs_section_5b"
  _IICS 
SECTION: ".abs_section_5c"
  _IICD 
SECTION: ".abs_section_5d"
  _IICC2 
SECTION: ".abs_section_60"
  _TPM2SC 
SECTION: ".abs_section_65"
  _TPM2C0SC 
SECTION: ".abs_section_68"
  _TPM2C1SC 
SECTION: ".abs_section_6c"
  _RTCSC 
SECTION: ".abs_section_6d"
  _RTCCNT 
SECTION: ".abs_section_6e"
  _RTCMOD 
SECTION: ".abs_section_70"
  _SPI2C1 
SECTION: ".abs_section_71"
  _SPI2C2 
SECTION: ".abs_section_72"
  _SPI2BR 
SECTION: ".abs_section_73"
  _SPI2S 
SECTION: ".abs_section_80"
  _USBCTL0 
SECTION: ".abs_section_88"
  _PERID 
SECTION: ".abs_section_89"
  _IDCOMP 
SECTION: ".abs_section_8a"
  _REV 
SECTION: ".abs_section_90"
  _INTSTAT 
SECTION: ".abs_section_91"
  _INTENB 
SECTION: ".abs_section_92"
  _ERRSTAT 
SECTION: ".abs_section_93"
  _ERRENB 
SECTION: ".abs_section_94"
  _STAT 
SECTION: ".abs_section_95"
  _CTL 
SECTION: ".abs_section_96"
  _ADDR 
SECTION: ".abs_section_97"
  _FRMNUML 
SECTION: ".abs_section_98"
  _FRMNUMH 
SECTION: ".abs_section_9d"
  _EPCTL0 
SECTION: ".abs_section_9e"
  _EPCTL1 
SECTION: ".abs_section_9f"
  _EPCTL2 
SECTION: ".abs_section_a0"
  _EPCTL3 
SECTION: ".abs_section_a1"
  _EPCTL4 
SECTION: ".abs_section_a2"
  _EPCTL5 
SECTION: ".abs_section_a3"
  _EPCTL6 
SECTION: ".abs_section_1800"
  _SRS 
SECTION: ".abs_section_1801"
  _SBDFR 
SECTION: ".abs_section_1802"
  _SOPT1 
SECTION: ".abs_section_1803"
  _SOPT2 
SECTION: ".abs_section_1809"
  _SPMSC1 
SECTION: ".abs_section_180a"
  _SPMSC2 
SECTION: ".abs_section_1816"
  _DBGC 
SECTION: ".abs_section_1817"
  _DBGT 
SECTION: ".abs_section_1818"
  _DBGS 
SECTION: ".abs_section_1820"
  _FCDIV 
SECTION: ".abs_section_1821"
  _FOPT 
SECTION: ".abs_section_1823"
  _FCNFG 
SECTION: ".abs_section_1824"
  _FPROT 
SECTION: ".abs_section_1825"
  _FSTAT 
SECTION: ".abs_section_1826"
  _FCMD 
SECTION: ".abs_section_1840"
  _PTAPE 
SECTION: ".abs_section_1841"
  _PTASE 
SECTION: ".abs_section_1842"
  _PTADS 
SECTION: ".abs_section_1844"
  _PTBPE 
SECTION: ".abs_section_1845"
  _PTBSE 
SECTION: ".abs_section_1846"
  _PTBDS 
SECTION: ".abs_section_1848"
  _PTCPE 
SECTION: ".abs_section_1849"
  _PTCSE 
SECTION: ".abs_section_184a"
  _PTCDS 
SECTION: ".abs_section_184c"
  _PTDPE 
SECTION: ".abs_section_184d"
  _PTDSE 
SECTION: ".abs_section_184e"
  _PTDDS 
SECTION: ".abs_section_1850"
  _PTEPE 
SECTION: ".abs_section_1851"
  _PTESE 
SECTION: ".abs_section_1852"
  _PTEDS 
SECTION: ".abs_section_1854"
  _PTFPE 
SECTION: ".abs_section_1855"
  _PTFSE 
SECTION: ".abs_section_1856"
  _PTFDS 
SECTION: ".abs_section_1858"
  _PTGPE 
SECTION: ".abs_section_1859"
  _PTGSE 
SECTION: ".abs_section_185a"
  _PTGDS 
SECTION: ".abs_section_12"
  _ADCR 
SECTION: ".abs_section_14"
  _ADCCV 
SECTION: ".abs_section_21"
  _TPM1CNT 
SECTION: ".abs_section_23"
  _TPM1MOD 
SECTION: ".abs_section_26"
  _TPM1C0V 
SECTION: ".abs_section_29"
  _TPM1C1V 
SECTION: ".abs_section_2c"
  _TPM1C2V 
SECTION: ".abs_section_2f"
  _TPM1C3V 
SECTION: ".abs_section_32"
  _TPM1C4V 
SECTION: ".abs_section_35"
  _TPM1C5V 
SECTION: ".abs_section_38"
  _SCI1BD 
SECTION: ".abs_section_40"
  _SCI2BD 
SECTION: ".abs_section_54"
  _SPI1D16 
SECTION: ".abs_section_56"
  _SPI1M 
SECTION: ".abs_section_61"
  _TPM2CNT 
SECTION: ".abs_section_63"
  _TPM2MOD 
SECTION: ".abs_section_66"
  _TPM2C0V 
SECTION: ".abs_section_69"
  _TPM2C1V 
SECTION: ".abs_section_74"
  _SPI2D16 
SECTION: ".abs_section_76"
  _SPI2M 
SECTION: ".abs_section_1806"
  _SDID 
SECTION: ".abs_section_1810"
  _DBGCA 
SECTION: ".abs_section_1812"
  _DBGCB 
SECTION: ".abs_section_1814"
  _DBGF 

*********************************************************************************************
OBJECT LIST SORTED BY ADDRESS
     Name                                      Addr   hSize   dSize     Ref    Section   RLIB
---------------------------------------------------------------------------------------------
     _PTAD                                        0       1       1       1   .abs_section_0
     _PTADD                                       1       1       1       1   .abs_section_1
     _PTBD                                        2       1       1      13   .abs_section_2
     _PTBDD                                       3       1       1       9   .abs_section_3
     _PTCD                                        4       1       1       0   .abs_section_4
     _PTCDD                                       5       1       1       0   .abs_section_5
     _PTDD                                        6       1       1       0   .abs_section_6
     _PTDDD                                       7       1       1       0   .abs_section_7
     _PTED                                        8       1       1      18   .abs_section_8
     _PTEDD                                       9       1       1       1   .abs_section_9
     _PTFD                                        A       1       1       0   .abs_section_a
     _PTFDD                                       B       1       1       1   .abs_section_b
     _PTGD                                        C       1       1       0   .abs_section_c
     _PTGDD                                       D       1       1       0   .abs_section_d
     _ACMPSC                                      E       1       1       0   .abs_section_e
     _ADCSC1                                     10       1       1       0   .abs_section_10
     _ADCSC2                                     11       1       1       0   .abs_section_11
     _ADCR                                       12       2       2       0   .abs_section_12
     _ADCCV                                      14       2       2       0   .abs_section_14
     _ADCCFG                                     16       1       1       0   .abs_section_16
     _APCTL1                                     17       1       1       0   .abs_section_17
     _APCTL2                                     18       1       1       0   .abs_section_18
     _IRQSC                                      1B       1       1       0   .abs_section_1b
     _KBISC                                      1C       1       1       0   .abs_section_1c
     _KBIPE                                      1D       1       1       0   .abs_section_1d
     _KBIES                                      1E       1       1       0   .abs_section_1e
     _TPM1SC                                     20       1       1       0   .abs_section_20
     _TPM1CNT                                    21       2       2       0   .abs_section_21
     _TPM1MOD                                    23       2       2       0   .abs_section_23
     _TPM1C0SC                                   25       1       1       0   .abs_section_25
     _TPM1C0V                                    26       2       2       0   .abs_section_26
     _TPM1C1SC                                   28       1       1       0   .abs_section_28
     _TPM1C1V                                    29       2       2       0   .abs_section_29
     _TPM1C2SC                                   2B       1       1       0   .abs_section_2b
     _TPM1C2V                                    2C       2       2       0   .abs_section_2c
     _TPM1C3SC                                   2E       1       1       0   .abs_section_2e
     _TPM1C3V                                    2F       2       2       0   .abs_section_2f
     _TPM1C4SC                                   31       1       1       0   .abs_section_31
     _TPM1C4V                                    32       2       2       0   .abs_section_32
     _TPM1C5SC                                   34       1       1       0   .abs_section_34
     _TPM1C5V                                    35       2       2       0   .abs_section_35
     _SCI1BD                                     38       2       2       0   .abs_section_38
     _SCI1C1                                     3A       1       1       0   .abs_section_3a
     _SCI1C2                                     3B       1       1       0   .abs_section_3b
     _SCI1S1                                     3C       1       1       0   .abs_section_3c
     _SCI1S2                                     3D       1       1       0   .abs_section_3d
     _SCI1C3                                     3E       1       1       0   .abs_section_3e
     _SCI1D                                      3F       1       1       0   .abs_section_3f
     _SCI2BD                                     40       2       2       0   .abs_section_40
     _SCI2C1                                     42       1       1       0   .abs_section_42
     _SCI2C2                                     43       1       1       0   .abs_section_43
     _SCI2S1                                     44       1       1       0   .abs_section_44
     _SCI2S2                                     45       1       1       0   .abs_section_45
     _SCI2C3                                     46       1       1       0   .abs_section_46
     _SCI2D                                      47       1       1       0   .abs_section_47
     _MCGC1                                      48       1       1       0   .abs_section_48
     _MCGC2                                      49       1       1       0   .abs_section_49
     _MCGTRM                                     4A       1       1       0   .abs_section_4a
     _MCGSC                                      4B       1       1       0   .abs_section_4b
     _MCGC3                                      4C       1       1       0   .abs_section_4c
     _SPI1C1                                     50       1       1       3   .abs_section_50
     _SPI1C2                                     51       1       1       1   .abs_section_51
     _SPI1BR                                     52       1       1       2   .abs_section_52
     _SPI1S                                      53       1       1       3   .abs_section_53
     _SPI1D16                                    54       2       2       4   .abs_section_54
     _SPI1M                                      56       2       2       1   .abs_section_56
     _IICA                                       58       1       1       0   .abs_section_58
     _IICF                                       59       1       1       0   .abs_section_59
     _IICC1                                      5A       1       1       0   .abs_section_5a
     _IICS                                       5B       1       1       0   .abs_section_5b
     _IICD                                       5C       1       1       0   .abs_section_5c
     _IICC2                                      5D       1       1       0   .abs_section_5d
     _TPM2SC                                     60       1       1       0   .abs_section_60
     _TPM2CNT                                    61       2       2       0   .abs_section_61
     _TPM2MOD                                    63       2       2       0   .abs_section_63
     _TPM2C0SC                                   65       1       1       0   .abs_section_65
     _TPM2C0V                                    66       2       2       0   .abs_section_66
     _TPM2C1SC                                   68       1       1       0   .abs_section_68
     _TPM2C1V                                    69       2       2       0   .abs_section_69
     _RTCSC                                      6C       1       1       0   .abs_section_6c
     _RTCCNT                                     6D       1       1       0   .abs_section_6d
     _RTCMOD                                     6E       1       1       0   .abs_section_6e
     _SPI2C1                                     70       1       1       1   .abs_section_70
     _SPI2C2                                     71       1       1       1   .abs_section_71
     _SPI2BR                                     72       1       1       1   .abs_section_72
     _SPI2S                                      73       1       1       2   .abs_section_73
     _SPI2D16                                    74       2       2       1   .abs_section_74
     _SPI2M                                      76       2       2       1   .abs_section_76
     _USBCTL0                                    80       1       1       0   .abs_section_80
     _PERID                                      88       1       1       0   .abs_section_88
     _IDCOMP                                     89       1       1       0   .abs_section_89
     _REV                                        8A       1       1       0   .abs_section_8a
     _INTSTAT                                    90       1       1       0   .abs_section_90
     _INTENB                                     91       1       1       0   .abs_section_91
     _ERRSTAT                                    92       1       1       0   .abs_section_92
     _ERRENB                                     93       1       1       0   .abs_section_93
     _STAT                                       94       1       1       0   .abs_section_94
     _CTL                                        95       1       1       0   .abs_section_95
     _ADDR                                       96       1       1       0   .abs_section_96
     _FRMNUML                                    97       1       1       0   .abs_section_97
     _FRMNUMH                                    98       1       1       0   .abs_section_98
     _EPCTL0                                     9D       1       1       0   .abs_section_9d
     _EPCTL1                                     9E       1       1       0   .abs_section_9e
     _EPCTL2                                     9F       1       1       0   .abs_section_9f
     _EPCTL3                                     A0       1       1       0   .abs_section_a0
     _EPCTL4                                     A1       1       1       0   .abs_section_a1
     _EPCTL5                                     A2       1       1       0   .abs_section_a2
     _EPCTL6                                     A3       1       1       0   .abs_section_a3
     fileName                                   100       B      11       1   .data       
     u16Main_Offset                             10B       2       2       7   .bss        
     u16FAT_Root_BASE                           10D       2       2       5   .bss        
     s                                          10F       2       2       2   .bss        
     j                                          111       2       2       4   .bss        
     error.1                                    113       1       1       2   .bss        
     WHandler                                   114      19      25      31   .common     
     RHandler                                   12D       A      10      19   .common     
     ag8FATReadBuffer                           137     200     512      23   .common     
     u16FAT_Sector_Size                         337       2       2      15   .common     
     u16FAT_Cluster_Size                        339       2       2       5   .common     
     u16FAT_FAT_BASE                            33B       2       2      13   .common     
     u16FAT_Data_BASE                           33D       2       2       5   .common     
     rowdata                                    33F       1       1       1   .common     
     datadec                                    340       1       1       2   .common     
     datadec1                                   341       1       1       2   .common     
     datadec2                                   342       1       1       1   .common     
     i                                          343       2       2       5   .common     
     cursor_x                                   345       1       1       3   .common     
     cursor_y                                   346       1       1       2   .common     
     gu8SD_Argument                             347       4       4      11   .common     
     Buffer                                     34B     200     512       2   .common     
     _SRS                                      1800       1       1       0   .abs_section_1800
     _SBDFR                                    1801       1       1       0   .abs_section_1801
     _SOPT1                                    1802       1       1       1   .abs_section_1802
     _SOPT2                                    1803       1       1       0   .abs_section_1803
     _SDID                                     1806       2       2       0   .abs_section_1806
     _SPMSC1                                   1809       1       1       0   .abs_section_1809
     _SPMSC2                                   180A       1       1       0   .abs_section_180a
     _DBGCA                                    1810       2       2       0   .abs_section_1810
     _DBGCB                                    1812       2       2       0   .abs_section_1812
     _DBGF                                     1814       2       2       0   .abs_section_1814
     _DBGC                                     1816       1       1       0   .abs_section_1816
     _DBGT                                     1817       1       1       0   .abs_section_1817
     _DBGS                                     1818       1       1       0   .abs_section_1818
     _FCDIV                                    1820       1       1       0   .abs_section_1820
     _FOPT                                     1821       1       1       0   .abs_section_1821
     _FCNFG                                    1823       1       1       0   .abs_section_1823
     _FPROT                                    1824       1       1       0   .abs_section_1824
     _FSTAT                                    1825       1       1       0   .abs_section_1825
     _FCMD                                     1826       1       1       0   .abs_section_1826
     _PTAPE                                    1840       1       1       0   .abs_section_1840
     _PTASE                                    1841       1       1       0   .abs_section_1841
     _PTADS                                    1842       1       1       0   .abs_section_1842
     _PTBPE                                    1844       1       1       0   .abs_section_1844
     _PTBSE                                    1845       1       1       0   .abs_section_1845
     _PTBDS                                    1846       1       1       0   .abs_section_1846
     _PTCPE                                    1848       1       1       0   .abs_section_1848
     _PTCSE                                    1849       1       1       0   .abs_section_1849
     _PTCDS                                    184A       1       1       0   .abs_section_184a
     _PTDPE                                    184C       1       1       0   .abs_section_184c
     _PTDSE                                    184D       1       1       0   .abs_section_184d
     _PTDDS                                    184E       1       1       0   .abs_section_184e
     _PTEPE                                    1850       1       1       0   .abs_section_1850
     _PTESE                                    1851       1       1       0   .abs_section_1851
     _PTEDS                                    1852       1       1       0   .abs_section_1852
     _PTFPE                                    1854       1       1       1   .abs_section_1854
     _PTFSE                                    1855       1       1       0   .abs_section_1855
     _PTFDS                                    1856       1       1       0   .abs_section_1856
     _PTGPE                                    1858       1       1       0   .abs_section_1858
     _PTGSE                                    1859       1       1       0   .abs_section_1859
     _PTGDS                                    185A       1       1       0   .abs_section_185a
     loadByte                                  1960       E      14       5   .init       
     Init                                      196E      6D     109       1   .init       
     _Startup                                  19DB       9       9       0   .init       
     ASCII                                     19F6     1E0     480       1   .rodata     
     LWordSwap                                 1BD6      7E     126       3   .text       
     FAT_Read_Master_Block                     1C54     12F     303       2   .text       
     FAT_SearchAvailableFAT                    1D83      AC     172       2   .text       
     FAT_Entry                                 1E2F     101     257       2   .text       
     FAT_FileRead                              1F30      BD     189       2   .text       
     FAT_FileNameOrganizer                     1FED      43      67       1   .text       
     FAT_FileOpen                              2030     587    1415      54   .text       
     Nokia5110_Init                            25B7      2B      43       1   .text       
     Nokia_reset                               25E2       C      12       1   .text       
     LCDWait                                   25EE      16      22       7   .text       
     Send_command                              2604      1C      28       8   .text       
     Send_data                                 2620      70     112       1   .text       
     gotoXY                                    2690      21      33       1   .text       
     SD_Init8MHz                               26B1      70     112       1   .text       
     SD_Write_Block                            2721      85     133       3   .text       
     SD_Read_Block                             27A6      61      97       7   .text       
     SD_SendCommand                            2807      3D      61       5   .text       
     SD_CLKDelay                               2844       F      15       2   .text       
     SPI1_Init8MHz                             2853      13      19       1   .text       
     SPI1_Send_byte                            2866       C      12      10   .text       
     SPI1_Receive_byte                         2872       B      11      10   .text       
     SPI2_Init8MHz                             287D      11      17       1   .text       
     SPI2_Send_byte                            288E       C      12       2   .text       
     SPI1_High_rate                            289A       9       9       1   .text       
     main                                      28A3      61      97       1   .text       
     _PUSH_ARGS_L                              2904      20      32       2   .text       
     _ENTER_UNARY_L                            2924      29      41       2   .text       
     _ENTER_BINARY_L                           294D      16      22       3   .text       
     _ENTER_BINARY_L_RC                        2963      19      25       1   .text       
     _IDIVMOD                                  297C      69     105       2   .text       
     _LADD_k_is_k_plus_j                       29E5      1F      31       1   .text       
     _LSUB_k_is_k_minus_j                      2A04      1F      31       1   .text       
     _LAND_k_is_k_and_j                        2A23      1F      31       1   .text       
     _LCMP_k_rel_j                             2A42      1F      31       1   .text       
     _IMUL_STAR08                              2A61      27      39       1   .text       
     _IDIVU_STAR08                             2A88       D      13       5   .text       
     _IMODU_STAR08                             2A95      10      16       4   .text       
     _ILSR                                     2AA5       C      12       1   .text       
     _ILSL                                     2AB1       C      12       1   .text       
     _LADD                                     2ABD       6       6       7   .text       
     _LSUB                                     2AC3       6       6       1   .text       
     _LAND_RC                                  2AC9       6       6       2   .text       
     _LLSR                                     2ACF      16      22       2   .text       
     _LLSL                                     2AE5      16      22       4   .text       
     _LCMP                                     2AFB       6       6       1   .text       
     _COPY                                     2B01      30      48       1   .text       
     _POP32                                    2B31      1A      26       7   .text       

*********************************************************************************************
UNUSED-OBJECTS SECTION
---------------------------------------------------------------------------------------------
NOT USED PROCEDURES
Fat_c.obj:
  FAT_LS FAT_FileClose FAT_FileWrite 
Nokia5110_c.obj:
  Backlight TooBacklight 
SPI_c.obj:
  SPI2_Receive_byte 
rtshc08.o (ansiis.lib):
  _PUSH_ARGS_D _ENTER_UNARY_L64 _ENTER_UNARY_L64_4 _ENTER_BINARY_L_LC 
  _ENTER_BINARY_L64 _ENTER_BINARY_L64_LC _ENTER_BINARY_L64_RC _SPLITSIGN 
  _k_is_k_plus_j_l _k_is_k_plus_j_i _LOR_k_is_k_or_j _LXOR_k_is_k_xor_j 
  _LMUL_k_is_k_mul_j _LDIVMOD _NEG_L_HX _ABS_L_HX _SPLITSIGN_L 
  _LMODU_k_is_k_mod_j _LDIVU_k_is_k_div_j _LMODS_k_is_k_mod_j 
  _LDIVS_k_is_k_div_j _CMP24_k_rel_j _BMULS _BDIVS _BMODS _IDIVS_STAR08 
  _IMODS_STAR08 _IDIVU_8 _IMODU_8 _IASR _ICMP _LINC _LDEC _LNEG _LNOT _LADD_RC 
  _LSUB_LC _LSUB_RC _LAND _LOR _LOR_RC _LXOR _LXOR_RC _LMUL _LMUL_RC _LDIVS 
  _LDIVS_LC _LDIVS_RC _LDIVU _LDIVU_LC _LDIVU_RC _LMODS _LMODS_LC _LMODS_RC 
  _LMODU _LMODU_LC _LMODU_RC _LASR _LCMP_RC _PUSH_ARGS_24 _ENTER_BINARY_24_RC 
  _ENTER_BINARY_24 _CMP24 _CMP24_RC _COPY_L _POP64 _STORE32 _STORE64 _SEXT8_32 
  _SEXT16_32 _CALL_STAR08 _CALL_STAR08_FAR _Jump_Table_Addr _Jump_Table_Offset 
  _Jump_Table_Header_Addr _Jump_Table_Header_Offset _Search_Table_16_Addr 
  _Search_Table_16_Offset _Search_Table_8_Addr _Search_Table_8_Offset _PUSH_CC 
  _POP_CC _CONV_FAR_TO_NEAR _CONV_FAR_TO_LINEAR _CONV_LINEAR_TO_FAR 
NOT USED VARIABLES
Fat_c.obj:
  i.1 j.2 sendbuf.3 ag8FATWriteBuffer 
Nokia5110_c.obj:
  LCDWIDTH LCDHEIGHT 
rtshc08.o (ansiis.lib):
  _PowOfTwo_8 _PowOfTwo_16 _PowOfTwo_32 errno 

*********************************************************************************************
COPYDOWN SECTION
---------------------------------------------------------------------------------------------
------- ROM-ADDRESS: 0x2B4B ---- SIZE       4 ---
Filling bytes inserted
 000B0100
------- ROM-ADDRESS: 0x2B4F ---- RAM-ADDRESS: 0x100 ---- SIZE      11 ---
Name of initialized Object : fileName
 504F454D41 2E5458540D 0A
------- ROM-ADDRESS: 0x2B5A ---- SIZE       2 ---
Filling bytes inserted
 0000

*********************************************************************************************
OBJECT-DEPENDENCIES SECTION
---------------------------------------------------------------------------------------------
Init                      USES _startupData loadByte 
_Startup                  USES __SEG_END_SSTACK Init main 
LWordSwap                 USES _LAND_RC _LLSR _POP32 _LADD _LLSL _COPY 
FAT_Read_Master_Block     USES u16Main_Offset ag8FATReadBuffer SD_Read_Block 
                                u16FAT_Cluster_Size FAT_Read_Master_Block u16FAT_Sector_Size 
                                u16FAT_FAT_BASE u16FAT_Root_BASE u16FAT_Data_BASE 
FAT_SearchAvailableFAT    USES u16FAT_FAT_BASE ag8FATReadBuffer SD_Read_Block 
                                u16FAT_Sector_Size u16FAT_Root_BASE u16Main_Offset 
                                FAT_SearchAvailableFAT 
FAT_Entry                 USES u16FAT_Sector_Size _IDIVU_STAR08 _IMODU_STAR08 
                                u16FAT_FAT_BASE ag8FATReadBuffer SD_Read_Block SD_Write_Block 
FAT_FileRead              USES RHandler FAT_FileRead u16FAT_Cluster_Size 
                                _IMUL_STAR08 u16FAT_Data_BASE SD_Read_Block 
                                u16FAT_Sector_Size _LCMP _LSUB _POP32 FAT_Entry 
FAT_FileOpen              USES u16FAT_Root_BASE u16FAT_Data_BASE 
                                FAT_FileNameOrganizer FAT_FileOpen ag8FATReadBuffer SD_Read_Block 
                                RHandler LWordSwap WHandler _IDIVU_STAR08 _LADD 
                                u16FAT_FAT_BASE SD_Write_Block u16FAT_Cluster_Size 
                                _IMODU_STAR08 u16FAT_Sector_Size _ILSR FAT_Entry _ILSL 
                                FAT_SearchAvailableFAT 
Nokia5110_Init            USES _PTBDD Nokia_reset Send_command 
Nokia_reset               USES _PTBDD _PTBD LCDWait 
Send_command              USES _PTBD _PTBDD LCDWait SPI2_Send_byte 
Send_data                 USES _PTBD rowdata datadec1 datadec2 datadec i ASCII 
                                _PTBDD LCDWait SPI2_Send_byte cursor_x cursor_y 
gotoXY                    USES Send_command LCDWait cursor_x cursor_y 
SD_Init8MHz               USES _PTAD _PTADD _PTFPE _PTFDD SPI1_Init8MHz _PTED 
                                SD_CLKDelay gu8SD_Argument SD_SendCommand 
                                SPI1_Receive_byte SPI1_High_rate SPI1_Send_byte 
SD_Write_Block            USES _PTED gu8SD_Argument _LLSL _POP32 
                                SD_SendCommand SPI1_Send_byte SPI1_Receive_byte 
SD_Read_Block             USES _PTED gu8SD_Argument _LLSL _POP32 
                                SD_SendCommand SPI1_Receive_byte 
SD_SendCommand            USES SPI1_Send_byte gu8SD_Argument SPI1_Receive_byte 
SD_CLKDelay               USES SPI1_Send_byte 
SPI1_Init8MHz             USES _PTED _PTEDD _SPI1C2 _SPI1BR _SPI1M _SPI1C1 
SPI1_Send_byte            USES _SPI1S _SPI1D16 
SPI1_Receive_byte         USES _SPI1D16 _SPI1S 
SPI2_Init8MHz             USES _PTBDD _PTBD _SPI2C2 _SPI2BR _SPI2M _SPI2C1 
SPI2_Send_byte            USES _SPI2S _SPI2D16 
SPI1_High_rate            USES _SPI1C1 _SPI1BR 
main                      USES SD_Init8MHz error.1 _SOPT1 SPI2_Init8MHz 
                                Nokia5110_Init s FAT_Read_Master_Block fileName FAT_FileOpen 
                                Buffer FAT_FileRead gotoXY j Send_data LCDWait 
_ENTER_BINARY_L           USES _PUSH_ARGS_L 
_ENTER_BINARY_L_RC        USES _PUSH_ARGS_L 
_IDIVU_STAR08             USES _IDIVMOD 
_IMODU_STAR08             USES _IDIVMOD 
_LADD                     USES _ENTER_BINARY_L _LADD_k_is_k_plus_j 
_LSUB                     USES _ENTER_BINARY_L _LSUB_k_is_k_minus_j 
_LAND_RC                  USES _ENTER_BINARY_L_RC _LAND_k_is_k_and_j 
_LLSR                     USES _ENTER_UNARY_L 
_LLSL                     USES _ENTER_UNARY_L 
_LCMP                     USES _ENTER_BINARY_L _LCMP_k_rel_j 

*********************************************************************************************
DEPENDENCY TREE
*********************************************************************************************
 main and _Startup Group
 | 
 +- main                
 |  | 
 |  +- SD_Init8MHz         
 |  |  | 
 |  |  +- SPI1_Init8MHz       
 |  |  |    
 |  |  +- SD_CLKDelay         
 |  |  |  | 
 |  |  |  +- SPI1_Send_byte      
 |  |  |       
 |  |  +- SD_SendCommand      
 |  |  |  | 
 |  |  |  +- SPI1_Send_byte       (see above)
 |  |  |  |  
 |  |  |  +- SPI1_Receive_byte   
 |  |  |       
 |  |  +- SPI1_Receive_byte    (see above)
 |  |  |  
 |  |  +- SPI1_High_rate      
 |  |  |    
 |  |  +- SPI1_Send_byte       (see above)
 |  |     
 |  +- SPI2_Init8MHz       
 |  |    
 |  +- Nokia5110_Init      
 |  |  | 
 |  |  +- Nokia_reset         
 |  |  |  | 
 |  |  |  +- LCDWait             
 |  |  |       
 |  |  +- Send_command        
 |  |     | 
 |  |     +- LCDWait              (see above)
 |  |     |  
 |  |     +- SPI2_Send_byte      
 |  |          
 |  +- FAT_Read_Master_Block
 |  |  | 
 |  |  +- SD_Read_Block       
 |  |     | 
 |  |     +- _LLSL               
 |  |     |  | 
 |  |     |  +- _ENTER_UNARY_L      
 |  |     |       
 |  |     +- _POP32              
 |  |     |    
 |  |     +- SD_SendCommand       (see above)
 |  |     |  
 |  |     +- SPI1_Receive_byte    (see above)
 |  |        
 |  +- FAT_FileOpen        
 |  |  | 
 |  |  +- FAT_FileNameOrganizer
 |  |  |    
 |  |  +- SD_Read_Block        (see above)
 |  |  |  
 |  |  +- LWordSwap           
 |  |  |  | 
 |  |  |  +- _LAND_RC            
 |  |  |  |  | 
 |  |  |  |  +- _ENTER_BINARY_L_RC  
 |  |  |  |  |  | 
 |  |  |  |  |  +- _PUSH_ARGS_L        
 |  |  |  |  |       
 |  |  |  |  +- _LAND_k_is_k_and_j  
 |  |  |  |       
 |  |  |  +- _LLSR               
 |  |  |  |  | 
 |  |  |  |  +- _ENTER_UNARY_L       (see above)
 |  |  |  |     
 |  |  |  +- _POP32               (see above)
 |  |  |  |  
 |  |  |  +- _LADD               
 |  |  |  |  | 
 |  |  |  |  +- _ENTER_BINARY_L     
 |  |  |  |  |  | 
 |  |  |  |  |  +- _PUSH_ARGS_L         (see above)
 |  |  |  |  |     
 |  |  |  |  +- _LADD_k_is_k_plus_j 
 |  |  |  |       
 |  |  |  +- _LLSL                (see above)
 |  |  |  |  
 |  |  |  +- _COPY               
 |  |  |       
 |  |  +- _IDIVU_STAR08       
 |  |  |  | 
 |  |  |  +- _IDIVMOD            
 |  |  |       
 |  |  +- _LADD                (see above)
 |  |  |  
 |  |  +- SD_Write_Block      
 |  |  |  | 
 |  |  |  +- _LLSL                (see above)
 |  |  |  |  
 |  |  |  +- _POP32               (see above)
 |  |  |  |  
 |  |  |  +- SD_SendCommand       (see above)
 |  |  |  |  
 |  |  |  +- SPI1_Send_byte       (see above)
 |  |  |  |  
 |  |  |  +- SPI1_Receive_byte    (see above)
 |  |  |     
 |  |  +- _IMODU_STAR08       
 |  |  |  | 
 |  |  |  +- _IDIVMOD             (see above)
 |  |  |     
 |  |  +- _ILSR               
 |  |  |    
 |  |  +- FAT_Entry           
 |  |  |  | 
 |  |  |  +- _IDIVU_STAR08        (see above)
 |  |  |  |  
 |  |  |  +- _IMODU_STAR08        (see above)
 |  |  |  |  
 |  |  |  +- SD_Read_Block        (see above)
 |  |  |  |  
 |  |  |  +- SD_Write_Block       (see above)
 |  |  |     
 |  |  +- _ILSL               
 |  |  |    
 |  |  +- FAT_SearchAvailableFAT
 |  |     | 
 |  |     +- SD_Read_Block        (see above)
 |  |        
 |  +- FAT_FileRead        
 |  |  | 
 |  |  +- _IMUL_STAR08        
 |  |  |    
 |  |  +- SD_Read_Block        (see above)
 |  |  |  
 |  |  +- _LCMP               
 |  |  |  | 
 |  |  |  +- _ENTER_BINARY_L      (see above)
 |  |  |  |  
 |  |  |  +- _LCMP_k_rel_j       
 |  |  |       
 |  |  +- _LSUB               
 |  |  |  | 
 |  |  |  +- _ENTER_BINARY_L      (see above)
 |  |  |  |  
 |  |  |  +- _LSUB_k_is_k_minus_j
 |  |  |       
 |  |  +- _POP32               (see above)
 |  |  |  
 |  |  +- FAT_Entry            (see above)
 |  |     
 |  +- gotoXY              
 |  |  | 
 |  |  +- Send_command         (see above)
 |  |  |  
 |  |  +- LCDWait              (see above)
 |  |     
 |  +- Send_data           
 |  |  | 
 |  |  +- LCDWait              (see above)
 |  |  |  
 |  |  +- SPI2_Send_byte       (see above)
 |  |     
 |  +- LCDWait              (see above)
 |     
 +- _Startup            
    | 
    +- Init                
    |  | 
    |  +- loadByte            
    |       
    +- main                 (see above)
       
*********************************************************************************************
STATISTIC SECTION
---------------------------------------------------------------------------------------------

ExeFile:
--------
Number of blocks to be downloaded: 4
Total size of all blocks to be downloaded: 4606

